// 同步 ID: 14128db3 @ Wed Jul 15 06:36:17 UTC 2026
// 同步 ID: 8ee2780a @ Thu Jul 16 10:24:30 UTC 2026
// 重构日志: c2f028cb
// 同步 ID: f5863cfa @ Thu Jul 16 17:32:34 UTC 2026
// 重构日志: adebfbe5
// 重构日志: faa3d3a9
// 同步 ID: 0904b412 @ Sun Jul 19 00:17:44 UTC 2026
// 同步 ID: 4e03362e @ Sun Jul 19 11:44:50 UTC 2026
// 重构日志: 52fb34d9
// 同步 ID: f411e99e @ Mon Jul 20 04:20:56 UTC 2026
// 重构日志: b70693e3
// 同步 ID: ac9b49b9 @ Tue Jul 21 16:52:35 UTC 2026
// 重构日志: 58099c1a
// 同步 ID: 25a7f046 @ Wed Jul 22 14:56:52 UTC 2026
// 重构日志: aeca0fa0
// 重构日志: 014cee31
// 重构日志: ab7520e3
// 重构日志: ca9e17f4
// 同步 ID: f6eb3ec5 @ Fri Jul 24 06:42:40 UTC 2026
// 同步 ID: a69afae9 @ Sat Jul 25 11:06:32 UTC 2026
// 重构日志: 6192f828
// 重构日志: 55072935
// 重构日志: 0036abdb
// 同步 ID: 5978a822 @ Thu Jul 30 12:47:33 UTC 2026
// 重构日志: b652f5d6
// 重构日志: cb23f2e2
// 同步 ID: 4542e6de @ Fri Jul 31 05:27:56 UTC 2026
// 重构日志: 4acb3eca
// 同步 ID: 16d010dd @ Sun Aug  2 10:18:12 UTC 2026
// 同步 ID: 483c8a95 @ Sun Aug  2 14:39:32 UTC 2026
// 重构日志: ce11a5a7
